// Jest Snapshot v1, https://goo.gl/fbAQLP

exports[`HomePrivate Rendering should render the component with initial state 1`] = `
<main
  class="home-private"
>
  <form
    action="/search"
    class="mx-auto my-5 px-4"
  >
    <article
      class="d-flex"
    >
      <input
        name="query"
        placeholder="home_screen.private.input.placeholder"
        required=""
        type="text"
        value=""
      />
      <article>
        <button
          class="h-100 border-0 app-bg-secondary d-flex justify-content-center align-items-center"
        >
          <i
            class="fas fa-search app-text-white"
          />
        </button>
      </article>
    </article>
  </form>
  <section
    class="home-one px-4"
  >
    <h2
      class="mb-4"
    >
      home_screen.private.heading
    </h2>
    <article
      class="card-container"
    >
      <a
        class="category-card py-4 box-shadow d-block text-center"
        href="/search?query=home"
      >
        <img
          alt="home_screen.private.categories.img_alt"
          class="mt-2"
          src="/img/home.svg"
        />
        <p
          class="mt-3 mb-0 app-text-secondary"
        >
          home_screen.private.categories.titles.home
        </p>
      </a>
      <a
        class="category-card py-4 box-shadow d-block text-center"
        href="/search?q=technology"
      >
        <img
          alt="home_screen.private.categories.img_alt"
          class="mt-2"
          src="/img/technology.svg"
        />
        <p
          class="mt-3 mb-0 app-text-secondary"
        >
          home_screen.private.categories.titles.technology
        </p>
      </a>
      <a
        class="category-card py-4 box-shadow d-block text-center"
        href="/search?query=automobile"
      >
        <img
          alt="home_screen.private.categories.img_alt"
          class="mt-2"
          src="/img/automobile.svg"
        />
        <p
          class="mt-3 mb-0 app-text-secondary"
        >
          home_screen.private.categories.titles.automobile
        </p>
      </a>
      <a
        class="category-card py-4 box-shadow d-block text-center"
        href="/search?query=sport"
      >
        <img
          alt="home_screen.private.categories.img_alt"
          class="mt-2"
          src="/img/sport.svg"
        />
        <p
          class="mt-3 mb-0 app-text-secondary"
        >
          home_screen.private.categories.titles.sport
        </p>
      </a>
      <a
        class="category-card py-4 box-shadow d-block text-center"
        href="/search?query=cloths"
      >
        <img
          alt="home_screen.private.categories.img_alt"
          class="mt-2"
          src="/img/tshirt.svg"
        />
        <p
          class="mt-3 mb-0 app-text-secondary"
        >
          home_screen.private.categories.titles.cloths
        </p>
      </a>
      <a
        class="category-card py-4 box-shadow d-block text-center"
        href="/search?query=pets"
      >
        <img
          alt="home_screen.private.categories.img_alt"
          class="mt-2"
          src="/img/pets.svg"
        />
        <p
          class="mt-3 mb-0 app-text-secondary"
        >
          home_screen.private.categories.titles.pets
        </p>
      </a>
    </article>
  </section>
</main>
`;
