// Jest Snapshot v1, https://goo.gl/fbAQLP

exports[`FilterDropdown should render the component 1`] = `
<div>
  <ul
    class="filter-dropdown position-absolute app-bg-white rounded-lg box-shadow overflow-hidden d-flex flex-column justify-content-center"
    data-testid="filter-dropdown"
  >
    <li
      class="py-3 text-center"
    >
      search_screen.filter_dropdown.newest
    </li>
    <li
      class="py-3 text-center"
    >
      search_screen.filter_dropdown.lowest
    </li>
    <li
      class="py-3 text-center"
    >
      search_screen.filter_dropdown.highest
    </li>
  </ul>
</div>
`;
