// Jest Snapshot v1, https://goo.gl/fbAQLP

exports[`FilterDropdown should render the component 1`] = `
<div>
  <ul
    class="dropdown position-absolute app-bg-white rounded-lg overflow-hidden d-flex flex-column justify-content-center"
    data-testid="filter-dropdown"
  >
    <li
      class="py-3 text-center"
      role="filter-newest"
    >
      search.filter_dropdown.newest
    </li>
    <li
      class="py-3 text-center"
      role="filter-lowest"
    >
      search.filter_dropdown.lowest
    </li>
    <li
      class="py-3 text-center"
      role="filter-highest"
    >
      search.filter_dropdown.highest
    </li>
  </ul>
</div>
`;
