// Jest Snapshot v1, https://goo.gl/fbAQLP

exports[`Login should render the component 1`] = `
<div>
  <main
    class="d-flex vh-100 align-items-center justify-content-center px-4"
  >
    <form
      class="form"
      role="form"
    >
      <h1
        class="text-center mb-5"
      >
        login_screen.heading
      </h1>
      <section
        class="mb-4"
      >
        <section
          class="input"
        >
          <label
            for="email"
          >
            login_screen.inputs.labels.email
          </label>
          <input
            class="p-1"
            name="email"
            required=""
            role="emailInput"
            type="email"
          />
        </section>
      </section>
      <section
        class="mb-4"
      >
        <section
          class="input"
        >
          <label
            for="password"
          >
            login_screen.inputs.labels.password
          </label>
          <input
            class="p-1"
            name="password"
            required=""
            role="passwordInput"
            type="password"
          />
        </section>
      </section>
      <section
        class="mt-5"
      >
        <button
          class="button app-bg-primary border-0 app-text-white w-100 p-2"
        >
          login_screen.button
        </button>
      </section>
      <a
        class="app-text-secondary d-inline-block mt-4 mb-3"
        href="/register"
      >
        login_screen.option_button
      </a>
    </form>
  </main>
</div>
`;
