// Jest Snapshot v1, https://goo.gl/fbAQLP

exports[`Login Rendering should render the component with initial state 1`] = `
<main
  className="d-flex vh-100 align-items-center justify-content-center px-4"
>
  <form
    className="form"
    onSubmit={[Function]}
  >
    <h1
      className="text-center mb-5"
    >
      login_screen.heading
    </h1>
    <section
      className="mb-4"
    >
      <section
        className="input"
      >
        <label
          htmlFor="email"
        >
          login_screen.inputs.labels.email
        </label>
        <input
          className="p-1"
          name="email"
          onChange={[Function]}
          required={true}
          type="email"
        />
      </section>
    </section>
    <section
      className="mb-4"
    >
      <section
        className="input"
      >
        <label
          htmlFor="password"
        >
          login_screen.inputs.labels.password
        </label>
        <input
          className="p-1"
          name="password"
          onChange={[Function]}
          required={true}
          type="password"
        />
      </section>
    </section>
    <section
      className="mt-5"
    >
      <button
        className="button app-bg-primary border-0 app-text-white w-100 p-2"
      >
        login_screen.button
      </button>
    </section>
    <a
      className="app-text-secondary d-inline-block mt-4 mb-3"
      href="/register"
      onClick={[Function]}
    >
      login_screen.option_button
    </a>
  </form>
</main>
`;
