// Jest Snapshot v1, https://goo.gl/fbAQLP

exports[`Login should render the component 1`] = `
<div>
  <main
    class="d-flex align-items-center justify-content-center vh-100 px-4"
  >
    <form
      class="form"
      data-testid="form"
    >
      <h1
        class="text-center mb-5"
      >
        login.heading
      </h1>
      <div
        class="mb-4"
      >
        <div
          class="input"
        >
          <label
            for="email"
          >
            login.inputs.labels.email
          </label>
          <input
            class="p-1"
            data-testid="emailInput"
            name="email"
            required=""
            type="email"
          />
        </div>
      </div>
      <div
        class="mb-4"
      >
        <div
          class="input"
        >
          <label
            for="password"
          >
            login.inputs.labels.password
          </label>
          <input
            class="p-1"
            data-testid="passwordInput"
            name="password"
            required=""
            type="password"
          />
        </div>
      </div>
      <div
        class="mt-5"
      >
        <button
          aria-label="login.button"
          class="button app-bg-primary border-0 app-text-white w-100 p-2"
        >
          login.button
        </button>
      </div>
      <a
        class="app-text-secondary d-inline-block mt-4"
        href="/register"
      >
        login.option_button
      </a>
    </form>
  </main>
</div>
`;
