// Jest Snapshot v1, https://goo.gl/fbAQLP

exports[`Search should render the component 1`] = `
<div>
  <form
    action="/search"
    class="form w-100 mx-auto"
  >
    <article
      class="d-flex"
    >
      <input
        data-testid="searchInput"
        name="query"
        placeholder="home_screen.input.placeholder"
        required=""
        type="text"
        value=""
      />
      <article>
        <button
          class="h-100 border-0 app-bg-secondary d-flex justify-content-center align-items-center"
        >
          <i
            class="fas fa-search app-text-white"
          />
        </button>
      </article>
    </article>
  </form>
</div>
`;
