// Jest Snapshot v1, https://goo.gl/fbAQLP

exports[`Search Rendering should render the component with initial state 1`] = `
<form
  action="/search"
  className="form w-100 mx-auto"
>
  <article
    className="d-flex"
  >
    <input
      name="query"
      onChange={[Function]}
      placeholder="home_screen.input.placeholder"
      required={true}
      type="text"
      value=""
    />
    <article>
      <button
        className="h-100 border-0 app-bg-secondary d-flex justify-content-center align-items-center"
      >
        <i
          className="fas fa-search app-text-white"
        />
      </button>
    </article>
  </article>
</form>
`;
