// Jest Snapshot v1, https://goo.gl/fbAQLP

exports[`Home Rendering should render the component with initial state 1`] = `
<main
  className="home mx-auto px-4 px-md-5"
>
  <section
    className="my-5 d-flex"
  >
    <form
      action="/search"
      className="form w-100 mx-auto"
    >
      <article
        className="d-flex"
      >
        <input
          name="query"
          onChange={[Function]}
          placeholder="home_screen.input.placeholder"
          required={true}
          type="text"
          value=""
        />
        <article>
          <button
            className="h-100 border-0 app-bg-secondary d-flex justify-content-center align-items-center"
          >
            <i
              className="fas fa-search app-text-white"
            />
          </button>
        </article>
      </article>
    </form>
  </section>
  <section>
    <h3
      className="mb-4"
    >
      home_screen.heading
    </h3>
    <article
      className="categories"
    >
      <a
        className="card py-2 py-md-4 box-shadow d-block text-center"
        href="/search?query=home"
        onClick={[Function]}
      >
        <img
          alt="home_screen.private.categories.img_alt"
          className="mt-2"
          src="/img/home.svg"
        />
        <p
          className="mt-3 mb-0 app-text-secondary"
        >
          home_screen.categories.titles.home
        </p>
      </a>
      <a
        className="card py-2 py-md-4 box-shadow d-block text-center"
        href="/search?q=technology"
        onClick={[Function]}
      >
        <img
          alt="home_screen.private.categories.img_alt"
          className="mt-2"
          src="/img/technology.svg"
        />
        <p
          className="mt-3 mb-0 app-text-secondary"
        >
          home_screen.categories.titles.technology
        </p>
      </a>
      <a
        className="card py-2 py-md-4 box-shadow d-block text-center"
        href="/search?query=automobile"
        onClick={[Function]}
      >
        <img
          alt="home_screen.private.categories.img_alt"
          className="mt-2"
          src="/img/automobile.svg"
        />
        <p
          className="mt-3 mb-0 app-text-secondary"
        >
          home_screen.categories.titles.automobile
        </p>
      </a>
      <a
        className="card py-2 py-md-4 box-shadow d-block text-center"
        href="/search?query=sport"
        onClick={[Function]}
      >
        <img
          alt="home_screen.private.categories.img_alt"
          className="mt-2"
          src="/img/sport.svg"
        />
        <p
          className="mt-3 mb-0 app-text-secondary"
        >
          home_screen.categories.titles.sport
        </p>
      </a>
      <a
        className="card py-2 py-md-4 box-shadow d-block text-center"
        href="/search?query=cloths"
        onClick={[Function]}
      >
        <img
          alt="home_screen.private.categories.img_alt"
          className="mt-2"
          src="/img/tshirt.svg"
        />
        <p
          className="mt-3 mb-0 app-text-secondary"
        >
          home_screen.categories.titles.cloths
        </p>
      </a>
      <a
        className="card py-2 py-md-4 box-shadow d-block text-center"
        href="/search?query=pets"
        onClick={[Function]}
      >
        <img
          alt="home_screen.private.categories.img_alt"
          className="mt-2"
          src="/img/pets.svg"
        />
        <p
          className="mt-3 mb-0 app-text-secondary"
        >
          home_screen.categories.titles.pets
        </p>
      </a>
    </article>
  </section>
  <section>
    <h3
      className="mt-5 mb-4"
    >
      home_screen.second_heading
    </h3>
    <article
      className="p-2 app-bg-gray-darker"
    >
      <ul
        className="list"
      />
    </article>
  </section>
</main>
`;
