// Jest Snapshot v1, https://goo.gl/fbAQLP

exports[`Home Rendering should render the component with initial state 1`] = `
<div>
  <main
    class="home mx-auto px-4 px-md-5"
    data-testid="home"
  >
    <section
      class="my-5 d-flex"
    >
      <form
        action="/search"
        class="search-form w-100 mx-auto"
        data-testid="search"
      >
        <article
          class="d-flex"
        >
          <input
            name="query"
            placeholder="home_screen.input.placeholder"
            required=""
            type="text"
            value=""
          />
          <article>
            <button
              class="h-100 border-0 app-bg-secondary d-flex justify-content-center align-items-center"
            >
              <i
                class="fas fa-search app-text-white"
              />
            </button>
          </article>
        </article>
      </form>
    </section>
    <section
      class="categories"
    >
      <h3
        class="mb-4"
      >
        home_screen.heading
      </h3>
      <article
        class="categories-container"
      >
        <a
          class="category-card py-2 py-md-4 box-shadow d-block text-center"
          data-testid="category-card"
          href="/search?query=home"
        >
          <img
            alt="home_screen.private.categories.img_alt"
            class="mt-2"
            src="/img/home.svg"
          />
          <p
            class="mt-3 mb-0 app-text-secondary"
          >
            home_screen.categories.titles.home
          </p>
        </a>
        <a
          class="category-card py-2 py-md-4 box-shadow d-block text-center"
          data-testid="category-card"
          href="/search?q=technology"
        >
          <img
            alt="home_screen.private.categories.img_alt"
            class="mt-2"
            src="/img/technology.svg"
          />
          <p
            class="mt-3 mb-0 app-text-secondary"
          >
            home_screen.categories.titles.technology
          </p>
        </a>
        <a
          class="category-card py-2 py-md-4 box-shadow d-block text-center"
          data-testid="category-card"
          href="/search?query=automobile"
        >
          <img
            alt="home_screen.private.categories.img_alt"
            class="mt-2"
            src="/img/automobile.svg"
          />
          <p
            class="mt-3 mb-0 app-text-secondary"
          >
            home_screen.categories.titles.automobile
          </p>
        </a>
        <a
          class="category-card py-2 py-md-4 box-shadow d-block text-center"
          data-testid="category-card"
          href="/search?query=sport"
        >
          <img
            alt="home_screen.private.categories.img_alt"
            class="mt-2"
            src="/img/sport.svg"
          />
          <p
            class="mt-3 mb-0 app-text-secondary"
          >
            home_screen.categories.titles.sport
          </p>
        </a>
        <a
          class="category-card py-2 py-md-4 box-shadow d-block text-center"
          data-testid="category-card"
          href="/search?query=cloths"
        >
          <img
            alt="home_screen.private.categories.img_alt"
            class="mt-2"
            src="/img/tshirt.svg"
          />
          <p
            class="mt-3 mb-0 app-text-secondary"
          >
            home_screen.categories.titles.cloths
          </p>
        </a>
        <a
          class="category-card py-2 py-md-4 box-shadow d-block text-center"
          data-testid="category-card"
          href="/search?query=pets"
        >
          <img
            alt="home_screen.private.categories.img_alt"
            class="mt-2"
            src="/img/pets.svg"
          />
          <p
            class="mt-3 mb-0 app-text-secondary"
          >
            home_screen.categories.titles.pets
          </p>
        </a>
      </article>
    </section>
    <section
      class="promo-offers"
    >
      <h3
        class="mt-5 mb-4"
      >
        home_screen.second_heading
      </h3>
      <article
        class="promo-offers-container p-2 app-bg-gray-darker"
      >
        <ul
          class="item-list"
        >
          <li
            class="item app-bg-white box-shadow overflow-hidden"
            data-testid="item"
          >
            <a
              class="app-text-secondary"
              href="/item/1"
            >
              <section
                class="img-container d-flex overflow-hidden position-relative"
              >
                <img
                  alt="search_screen.item.img.alt"
                  class="img-fluid position-absolute p-3"
                  src="https://s13emagst.akamaized.net/products/31489/31488238/images/res_cf71f94f6a0749441e0c420bf54540c4.jpg"
                />
              </section>
              <section
                class="py-3 px-4 h-100 app-bg-gray"
              >
                <p
                  class="product-name text-center mb-4"
                >
                  Lenovo IdeaPad 3, 15.6, AMD Ryzen™
                </p>
                <p
                  class="product-location mb-3"
                >
                  <i
                    class="fas fa-map-marker-alt mr-2"
                  />
                  Sofia
                </p>
                <p
                  class="product-date mb-4"
                >
                  <i
                    class="fas fa-clock mr-2"
                  />
                  8 July - 6:00
                </p>
                <p
                  class="product-price"
                >
                  979.99
                   
                  general.currency
                </p>
              </section>
            </a>
          </li>
          <li
            class="item app-bg-white box-shadow overflow-hidden"
            data-testid="item"
          >
            <a
              class="app-text-secondary"
              href="/item/2"
            >
              <section
                class="img-container d-flex overflow-hidden position-relative"
              >
                <img
                  alt="search_screen.item.img.alt"
                  class="img-fluid position-absolute p-3"
                  src="https://s13emagst.akamaized.net/products/15874/15873942/images/res_b8032c207f90cec1988f271d669be260.jpg"
                />
              </section>
              <section
                class="py-3 px-4 h-100 app-bg-gray"
              >
                <p
                  class="product-name text-center mb-4"
                >
                  Lenovo G50-30, 15.6, Intel Pentium™
                </p>
                <p
                  class="product-location mb-3"
                >
                  <i
                    class="fas fa-map-marker-alt mr-2"
                  />
                  Sofia
                </p>
                <p
                  class="product-date mb-4"
                >
                  <i
                    class="fas fa-clock mr-2"
                  />
                  8 July - 6:00
                </p>
                <p
                  class="product-price"
                >
                  600
                   
                  general.currency
                </p>
              </section>
            </a>
          </li>
          <li
            class="item app-bg-white box-shadow overflow-hidden"
            data-testid="item"
          >
            <a
              class="app-text-secondary"
              href="/item/3"
            >
              <section
                class="img-container d-flex overflow-hidden position-relative"
              >
                <img
                  alt="search_screen.item.img.alt"
                  class="img-fluid position-absolute p-3"
                  src="https://s13emagst.akamaized.net/products/17043/17042927/images/res_b0edd1ced6577580eaec29aad246405d.jpg"
                />
              </section>
              <section
                class="py-3 px-4 h-100 app-bg-gray"
              >
                <p
                  class="product-name text-center mb-4"
                >
                  Iphone X, 128SD / 256SD, Black and White
                </p>
                <p
                  class="product-location mb-3"
                >
                  <i
                    class="fas fa-map-marker-alt mr-2"
                  />
                  Blagoevgrad
                </p>
                <p
                  class="product-date mb-4"
                >
                  <i
                    class="fas fa-clock mr-2"
                  />
                  8 July - 6:00
                </p>
                <p
                  class="product-price"
                >
                  1200
                   
                  general.currency
                </p>
              </section>
            </a>
          </li>
        </ul>
      </article>
    </section>
  </main>
</div>
`;

exports[`Home should render the component with initial state 1`] = `
<div>
  <main
    class="home mx-auto px-4 px-md-5"
    data-testid="home"
  >
    <section
      class="my-5 d-flex"
    >
      <form
        action="/search"
        class="search-form w-100 mx-auto"
        data-testid="search"
      >
        <article
          class="d-flex"
        >
          <input
            name="query"
            placeholder="home_screen.input.placeholder"
            required=""
            type="text"
            value=""
          />
          <article>
            <button
              class="h-100 border-0 app-bg-secondary d-flex justify-content-center align-items-center"
            >
              <i
                class="fas fa-search app-text-white"
              />
            </button>
          </article>
        </article>
      </form>
    </section>
    <section
      class="categories"
    >
      <h3
        class="mb-4"
      >
        home_screen.heading
      </h3>
      <article
        class="categories-container"
      >
        <a
          class="category-card py-2 py-md-4 box-shadow d-block text-center"
          data-testid="category-card"
          href="/search?query=home"
        >
          <img
            alt="home_screen.private.categories.img_alt"
            class="mt-2"
            src="/img/home.svg"
          />
          <p
            class="mt-3 mb-0 app-text-secondary"
          >
            home_screen.categories.titles.home
          </p>
        </a>
        <a
          class="category-card py-2 py-md-4 box-shadow d-block text-center"
          data-testid="category-card"
          href="/search?q=technology"
        >
          <img
            alt="home_screen.private.categories.img_alt"
            class="mt-2"
            src="/img/technology.svg"
          />
          <p
            class="mt-3 mb-0 app-text-secondary"
          >
            home_screen.categories.titles.technology
          </p>
        </a>
        <a
          class="category-card py-2 py-md-4 box-shadow d-block text-center"
          data-testid="category-card"
          href="/search?query=automobile"
        >
          <img
            alt="home_screen.private.categories.img_alt"
            class="mt-2"
            src="/img/automobile.svg"
          />
          <p
            class="mt-3 mb-0 app-text-secondary"
          >
            home_screen.categories.titles.automobile
          </p>
        </a>
        <a
          class="category-card py-2 py-md-4 box-shadow d-block text-center"
          data-testid="category-card"
          href="/search?query=sport"
        >
          <img
            alt="home_screen.private.categories.img_alt"
            class="mt-2"
            src="/img/sport.svg"
          />
          <p
            class="mt-3 mb-0 app-text-secondary"
          >
            home_screen.categories.titles.sport
          </p>
        </a>
        <a
          class="category-card py-2 py-md-4 box-shadow d-block text-center"
          data-testid="category-card"
          href="/search?query=cloths"
        >
          <img
            alt="home_screen.private.categories.img_alt"
            class="mt-2"
            src="/img/tshirt.svg"
          />
          <p
            class="mt-3 mb-0 app-text-secondary"
          >
            home_screen.categories.titles.cloths
          </p>
        </a>
        <a
          class="category-card py-2 py-md-4 box-shadow d-block text-center"
          data-testid="category-card"
          href="/search?query=pets"
        >
          <img
            alt="home_screen.private.categories.img_alt"
            class="mt-2"
            src="/img/pets.svg"
          />
          <p
            class="mt-3 mb-0 app-text-secondary"
          >
            home_screen.categories.titles.pets
          </p>
        </a>
      </article>
    </section>
    <section
      class="promo-offers"
    >
      <h3
        class="mt-5 mb-4"
      >
        home_screen.second_heading
      </h3>
      <article
        class="promo-offers-container p-2 app-bg-gray-darker"
      >
        <ul
          class="item-list"
        >
          <li
            class="item app-bg-white box-shadow overflow-hidden"
            data-testid="item"
          >
            <a
              class="app-text-secondary"
              href="/item/1"
            >
              <section
                class="img-container d-flex overflow-hidden position-relative"
              >
                <img
                  alt="search_screen.item.img.alt"
                  class="img-fluid position-absolute p-3"
                  src="https://s13emagst.akamaized.net/products/31489/31488238/images/res_cf71f94f6a0749441e0c420bf54540c4.jpg"
                />
              </section>
              <section
                class="py-3 px-4 h-100 app-bg-gray"
              >
                <p
                  class="product-name text-center mb-4"
                >
                  Lenovo IdeaPad 3, 15.6, AMD Ryzen™
                </p>
                <p
                  class="product-location mb-3"
                >
                  <i
                    class="fas fa-map-marker-alt mr-2"
                  />
                  Sofia
                </p>
                <p
                  class="product-date mb-4"
                >
                  <i
                    class="fas fa-clock mr-2"
                  />
                  8 July - 6:00
                </p>
                <p
                  class="product-price"
                >
                  979.99
                   
                  general.currency
                </p>
              </section>
            </a>
          </li>
          <li
            class="item app-bg-white box-shadow overflow-hidden"
            data-testid="item"
          >
            <a
              class="app-text-secondary"
              href="/item/2"
            >
              <section
                class="img-container d-flex overflow-hidden position-relative"
              >
                <img
                  alt="search_screen.item.img.alt"
                  class="img-fluid position-absolute p-3"
                  src="https://s13emagst.akamaized.net/products/15874/15873942/images/res_b8032c207f90cec1988f271d669be260.jpg"
                />
              </section>
              <section
                class="py-3 px-4 h-100 app-bg-gray"
              >
                <p
                  class="product-name text-center mb-4"
                >
                  Lenovo G50-30, 15.6, Intel Pentium™
                </p>
                <p
                  class="product-location mb-3"
                >
                  <i
                    class="fas fa-map-marker-alt mr-2"
                  />
                  Sofia
                </p>
                <p
                  class="product-date mb-4"
                >
                  <i
                    class="fas fa-clock mr-2"
                  />
                  8 July - 6:00
                </p>
                <p
                  class="product-price"
                >
                  600
                   
                  general.currency
                </p>
              </section>
            </a>
          </li>
          <li
            class="item app-bg-white box-shadow overflow-hidden"
            data-testid="item"
          >
            <a
              class="app-text-secondary"
              href="/item/3"
            >
              <section
                class="img-container d-flex overflow-hidden position-relative"
              >
                <img
                  alt="search_screen.item.img.alt"
                  class="img-fluid position-absolute p-3"
                  src="https://s13emagst.akamaized.net/products/17043/17042927/images/res_b0edd1ced6577580eaec29aad246405d.jpg"
                />
              </section>
              <section
                class="py-3 px-4 h-100 app-bg-gray"
              >
                <p
                  class="product-name text-center mb-4"
                >
                  Iphone X, 128SD / 256SD, Black and White
                </p>
                <p
                  class="product-location mb-3"
                >
                  <i
                    class="fas fa-map-marker-alt mr-2"
                  />
                  Blagoevgrad
                </p>
                <p
                  class="product-date mb-4"
                >
                  <i
                    class="fas fa-clock mr-2"
                  />
                  8 July - 6:00
                </p>
                <p
                  class="product-price"
                >
                  1200
                   
                  general.currency
                </p>
              </section>
            </a>
          </li>
        </ul>
      </article>
    </section>
  </main>
</div>
`;
