// Jest Snapshot v1, https://goo.gl/fbAQLP

exports[`Hamburger should render the component 1`] = `
<div>
  <section
    class="hamburger undefined d-flex flex-column justify-content-between"
    data-testid="hamburger"
  >
    <span
      class="app-bg-white rounded-pill"
    />
    <span
      class="app-bg-white align-self-end rounded-pill"
    />
    <span
      class="app-bg-white align-self-end rounded-pill"
    />
  </section>
</div>
`;
