// Jest Snapshot v1, https://goo.gl/fbAQLP

exports[`Hamburger should render the component 1`] = `
<div>
  <button
    aria-label="toggle menu"
    class="hamburger undefined d-flex flex-column justify-content-between border-0 bg-transparent"
    data-testid="hamburger"
  >
    <span
      class="app-bg-white rounded-pill"
    />
    <span
      class="app-bg-white align-self-end rounded-pill"
    />
    <span
      class="app-bg-white align-self-end rounded-pill"
    />
  </button>
</div>
`;
