// Jest Snapshot v1, https://goo.gl/fbAQLP

exports[`Menu should render the component 1`] = `
<div>
  <ul
    class="menu app-bg-black-transparent"
  >
    <li>
      <button
        aria-label="logout button"
        class="d-flex justify-content-center align-items-center text-center w-100 app-text-white app-bg-black-transparent py-4 border-0"
        data-testid="logout"
      >
        header.logout_btn
        <i
          class="fas fa-sign-out-alt ml-3"
        />
      </button>
    </li>
  </ul>
</div>
`;
