// Jest Snapshot v1, https://goo.gl/fbAQLP

exports[`HomePublic Rendering should render the component with initial state 1`] = `
<main
  class="home"
>
  <section
    class="home-intro"
  >
    <section
      class="d-flex flex-column justify-content-center align-items-center app-bg-black-transparent text-center"
    >
      <h1
        class="app-text-white font-weight-bold px-4"
      >
        home_screen.public.heading
        <span
          class="px-2 my-3 d-inline-block ml-3 app-bg-primary"
        >
          home_screen.public.app_name
        </span>
      </h1>
      <h3
        class="app-text-white mb-5"
      >
        home_screen.public.second_heading
      </h3>
      <section
        class="pulsing-arrow position-absolute"
      >
        <section
          class="arrow"
        >
          <article
            class="d-flex mb-3"
          >
            <span
              class="app-bg-white"
            />
            <span
              class="app-bg-white"
            />
          </article>
          <article
            class="d-flex mb-3"
          >
            <span
              class="app-bg-white"
            />
            <span
              class="app-bg-white"
            />
          </article>
          <article
            class="d-flex"
          >
            <span
              class="app-bg-white"
            />
            <span
              class="app-bg-white"
            />
          </article>
        </section>
      </section>
    </section>
  </section>
  <section
    class="one pb-5"
  >
    <hr
      class="my-5 mx-auto app-bg-primary rounded-pill"
    />
    <article>
      <h2
        class="text-center"
      >
        home_screen.public.section_one.heading
      </h2>
      <article
        class="d-md-flex justify-content-between"
      >
        <p
          class="mb-4"
        >
          home_screen.public.section_one.content
        </p>
        <img
          alt="home_screen.public.img.alt"
          class="img-fluid"
          src="/img/cloths.jpg"
        />
      </article>
    </article>
  </section>
  <section
    class="two app-bg-gray"
  >
    <article
      class="py-3 py-md-5 d-flex flex-column flex-md-row justify-content-around align-items-center"
    >
      <section
        class="option-card text-center"
      >
        <i
          class="fas fa-check"
        />
        <h4
          class="mt-4"
        >
          home_screen.public.cards.one
        </h4>
      </section>
      <section
        class="option-card text-center"
      >
        <i
          class="fas fa-truck"
        />
        <h4
          class="mt-4"
        >
          home_screen.public.cards.two
        </h4>
      </section>
      <section
        class="option-card text-center"
      >
        <i
          class="fas fa-user"
        />
        <h4
          class="mt-4"
        >
          home_screen.public.cards.three
        </h4>
      </section>
    </article>
  </section>
</main>
`;
