// Jest Snapshot v1, https://goo.gl/fbAQLP

exports[`Header should render the component 1`] = `
<div>
  <header
    class="header d-flex justify-content-between align-items-center app-bg-secondary position-sticky px-4 px-md-5"
  >
    <a
      href="/"
    >
      <span
        class="app-text-white"
      >
        header.heading
      </span>
    </a>
    <ul
      class="d-none d-md-flex justify-content-between align-items-center h-100 m-0"
    >
      <li
        class="ml-5"
      >
        <a
          aria-current="page"
          class="d-flex justify-content-center align-items-center app-text-white active"
          href="/"
        >
          header.links.home
        </a>
      </li>
      <li
        class="ml-5"
      >
        <a
          class="d-flex justify-content-center align-items-center app-text-white"
          href="/login"
        >
          header.links.login
        </a>
      </li>
      <li
        class="ml-5"
      >
        <a
          class="d-flex justify-content-center align-items-center app-text-white"
          href="/register"
        >
          header.links.register
        </a>
      </li>
    </ul>
    <div
      class="d-md-none"
    >
      <button
        aria-label="toggle menu"
        class="hamburger false d-flex flex-column justify-content-between border-0 bg-transparent"
        data-testid="hamburger"
      >
        <span
          class="app-bg-white rounded-pill"
        />
        <span
          class="app-bg-white align-self-end rounded-pill"
        />
        <span
          class="app-bg-white align-self-end rounded-pill"
        />
      </button>
    </div>
  </header>
</div>
`;
