// Jest Snapshot v1, https://goo.gl/fbAQLP

exports[`ItemScreen Rendering should render the component with initial state 1`] = `
<section
  className="product mx-auto mt-lg-5"
>
  <article
    className="px-3"
  />
  <article
    className="description p-4 pb-5 p-lg-5"
  >
    <h1
      className="mb-3 mt-4 mt-md-0"
    />
    <p
      className="mb-3 mt-4"
    >
      Lorem ipsum dolor, sit amet consectetur adipisicing elit. Dolorem voluptatibus, laborum ut aliquid optio architecto quos libero sint odit earum fugiat alias. Consequuntur quam eaque, dolorum necessitatibus quisquam iste, harum pariatur quos qui placeat nam maiores debitis similique fugiat itaque, dolore doloribus magnam tempore natus ipsam aspernatur maxime molestias sequi?
    </p>
    <section
      className="down d-md-flex justify-content-between my-4 my-md-0 mt-md-5"
    >
      <p>
        <i
          className="fas fa-map-marker-alt mr-3"
        />
      </p>
      <p>
        <i
          className="fas fa-clock mr-3"
        />
      </p>
      <p
        className="mb-5"
      >
        <i
          className="fas fa-user mr-3"
        />
      </p>
    </section>
    <section
      className="nav app-bg-white d-flex justify-content-around justify-content-sm-between align-items-center py-1 m-sm-0 mt-4 mt-md-0 w-100"
    >
      <h5
        className="text-center my-2 my-md-0"
      >
         
        general.currency
      </h5>
      <span
        className="app-bg-primary app-text-white rounded py-3 px-5 px-md-4 py-md-2 mr-2"
      >
        product.call_button
        <i
          className="fas fa-phone ml-3"
        />
      </span>
    </section>
  </article>
</section>
`;
