// Jest Snapshot v1, https://goo.gl/fbAQLP

exports[`CategoryCard should render the component 1`] = `
<div>
  <a
    class="card d-block text-center py-2 py-md-4"
    href="/"
  >
    <img
      alt="home.categories.img_alt"
      class="mt-2"
    />
    <p
      class="app-text-secondary mt-3"
    />
  </a>
</div>
`;
