// Jest Snapshot v1, https://goo.gl/fbAQLP

exports[`Header Rendering should render the component with initial state 1`] = `
<div>
  <header
    class="header app-bg-secondary position-sticky px-4 px-md-5 d-flex justify-content-between align-items-center"
    data-testid="header"
  >
    <a
      href="/"
    >
      <h1
        class="app-text-white"
      >
        header.heading
      </h1>
    </a>
    <ul
      class="d-none d-md-flex h-100 align-items-center m-0"
    >
      <li
        class="ml-5 h-100"
      >
        <a
          aria-current="page"
          class="app-text-white h-100 d-flex justify-content-center align-items-center active"
          href="/"
        >
          header.links.home
        </a>
      </li>
      <li
        class="ml-5 h-100"
      >
        <a
          class="app-text-white h-100 d-flex justify-content-center align-items-center"
          href="/login"
        >
          header.links.login
        </a>
      </li>
      <li
        class="ml-5 h-100"
      >
        <a
          class="app-text-white h-100 d-flex justify-content-center align-items-center"
          href="/register"
        >
          header.links.register
        </a>
      </li>
    </ul>
    <section
      class="d-md-none "
    >
      <article
        class="hamburger d-flex flex-column justify-content-between"
      >
        <span
          class="app-bg-white rounded-pill"
        />
        <span
          class="app-bg-white align-self-end rounded-pill"
        />
        <span
          class="app-bg-white align-self-end rounded-pill"
        />
      </article>
    </section>
  </header>
</div>
`;
