// Jest Snapshot v1, https://goo.gl/fbAQLP

exports[`Header Rendering should render the component with initial state 1`] = `
<header
  className="header app-bg-secondary position-sticky px-4 px-md-5 d-flex justify-content-between align-items-center"
>
  <a
    href="/"
    onClick={[Function]}
  >
    <h1
      className="app-text-white"
    >
      header.heading
    </h1>
  </a>
  <ul
    className="d-none d-md-flex h-100 align-items-center m-0"
  >
    <li
      className="ml-5 h-100"
    >
      <a
        aria-current="page"
        className="app-text-white h-100 d-flex justify-content-center align-items-center active"
        href="/"
        onClick={[Function]}
        style={Object {}}
      >
        header.links.home
      </a>
    </li>
    <li
      className="ml-5 h-100"
    >
      <a
        aria-current={null}
        className="app-text-white h-100 d-flex justify-content-center align-items-center"
        href="/login"
        onClick={[Function]}
      >
        header.links.login
      </a>
    </li>
    <li
      className="ml-5 h-100"
    >
      <a
        aria-current={null}
        className="app-text-white h-100 d-flex justify-content-center align-items-center"
        href="/register"
        onClick={[Function]}
      >
        header.links.register
      </a>
    </li>
  </ul>
  <section
    className="d-md-none"
  >
    <section
      className="hamburger false d-flex flex-column justify-content-between"
      onClick={[Function]}
    >
      <span
        className="app-bg-white rounded-pill"
      />
      <span
        className="app-bg-white align-self-end rounded-pill"
      />
      <span
        className="app-bg-white align-self-end rounded-pill"
      />
    </section>
  </section>
</header>
`;
