// Jest Snapshot v1, https://goo.gl/fbAQLP

exports[`Register Rendering should render the component with initial state 1`] = `
<div>
  <main
    class="register d-flex vh-100 align-items-center justify-content-center px-4 mx-auto"
    data-testid="register"
  >
    <form>
      <h1
        class="text-center mb-5"
      >
        register_screen.heading
      </h1>
      <section
        class="mb-4"
      >
        <section
          class="auth-input"
        >
          <label
            for="username"
          >
            register_screen.inputs.labels.username
          </label>
          <input
            class="p-1"
            name="username"
            required=""
            type="text"
          />
        </section>
      </section>
      <section
        class="mb-4"
      >
        <section
          class="auth-input"
        >
          <label
            for="email"
          >
            register_screen.inputs.labels.email
          </label>
          <input
            class="p-1"
            name="email"
            required=""
            type="email"
          />
        </section>
      </section>
      <section
        class="mb-4"
      >
        <section
          class="auth-input"
        >
          <label
            for="password"
          >
            register_screen.inputs.labels.password
          </label>
          <input
            class="p-1"
            name="password"
            required=""
            type="password"
          />
        </section>
      </section>
      <section
        class="mb-4"
      >
        <section
          class="auth-input"
        >
          <label
            for="rePassword"
          >
            register_screen.inputs.labels.re_password
          </label>
          <input
            class="p-1"
            name="rePassword"
            required=""
            type="password"
          />
        </section>
      </section>
      <section
        class="auth-btn mt-5"
      >
        <button
          class="app-bg-primary border-0 app-text-white w-100 p-2"
        >
          register_screen.button
        </button>
      </section>
      <a
        class="app-text-secondary mt-4 mb-5 d-inline-block"
        href="/login"
      >
        register_screen.option_button
      </a>
    </form>
  </main>
</div>
`;
