// Jest Snapshot v1, https://goo.gl/fbAQLP

exports[`Register Rendering should render the component with initial state 1`] = `
<DocumentFragment>
  <div
    class="_loading_overlay_wrapper _loading_overlay_wrapper--active css-m8dnq0"
    data-testid="wrapper"
  >
    <div
      class="_loading_overlay_overlay css-df17o1"
      data-testid="overlay"
    >
      <div
        class="_loading_overlay_content css-42igfv"
      >
        <div
          class="_loading_overlay_spinner css-50etie"
        >
          <svg
            viewBox="25 25 50 50"
          >
            <circle
              cx="50"
              cy="50"
              fill="none"
              r="20"
              stroke-miterlimit="10"
              stroke-width="2"
            />
          </svg>
        </div>
      </div>
    </div>
  </div>
</DocumentFragment>
`;
