// Jest Snapshot v1, https://goo.gl/fbAQLP

exports[`Register Rendering should render the component with initial state 1`] = `
<main
  className="d-flex vh-100 align-items-center justify-content-center px-4 mx-auto"
>
  <form
    className="form"
    onSubmit={[Function]}
  >
    <h1
      className="text-center mb-5"
    >
      register_screen.heading
    </h1>
    <section
      className="mb-4"
    >
      <section
        className="input"
      >
        <label
          htmlFor="username"
        >
          register_screen.inputs.labels.username
        </label>
        <input
          className="p-1"
          name="username"
          onChange={[Function]}
          required={true}
          type="text"
        />
      </section>
    </section>
    <section
      className="mb-4"
    >
      <section
        className="input"
      >
        <label
          htmlFor="email"
        >
          register_screen.inputs.labels.email
        </label>
        <input
          className="p-1"
          name="email"
          onChange={[Function]}
          required={true}
          type="email"
        />
      </section>
    </section>
    <section
      className="mb-4"
    >
      <section
        className="input"
      >
        <label
          htmlFor="password"
        >
          register_screen.inputs.labels.password
        </label>
        <input
          className="p-1"
          name="password"
          onChange={[Function]}
          required={true}
          type="password"
        />
      </section>
    </section>
    <section
      className="mb-4"
    >
      <section
        className="input"
      >
        <label
          htmlFor="rePassword"
        >
          register_screen.inputs.labels.re_password
        </label>
        <input
          className="p-1"
          name="rePassword"
          onChange={[Function]}
          required={true}
          type="password"
        />
      </section>
    </section>
    <section
      className="mt-5"
    >
      <button
        className="button app-bg-primary border-0 app-text-white w-100 p-2"
      >
        register_screen.button
      </button>
    </section>
    <a
      className="app-text-secondary mt-4 mb-5 d-inline-block"
      href="/login"
      onClick={[Function]}
    >
      register_screen.option_button
    </a>
  </form>
</main>
`;
