// Jest Snapshot v1, https://goo.gl/fbAQLP

exports[`FilterButton should render the component 1`] = `
<div>
  <button
    aria-label="filter products"
    class="button  d-flex justify-content-center align-items-center position-relative rounded p-2 border-0 app-bg-white"
  >
    <p>
      search.filter_button
    </p>
    <i
      class="fas fa-angle-down ml-3"
    />
  </button>
</div>
`;
