// Jest Snapshot v1, https://goo.gl/fbAQLP

exports[`FilterButton Rendering should render the component with initial state 1`] = `
<div>
  <section
    class="filter-button"
    data-testid="filter-button"
  >
    <button
      class="box-shadow rounded d-flex p-2 justify-content-center align-items-center position-relative border-0 app-bg-white"
    >
      <p>
        search_screen.filter_button
      </p>
      <i
        class="fas fa-angle-down ml-3 undefined"
      />
    </button>
  </section>
</div>
`;
